// Jest Snapshot v1, https://goo.gl/fbAQLP

exports[`TextInput component Matches the snapshot 1`] = `
<div
  className="textinputWrapper withoutLabel"
>
  <input
    className="textinput"
    id="test"
    placeholder=" "
    type="text"
  />
  <div />
  <p
    className="message"
  />
</div>
`;
